// Jest Snapshot v1, https://goo.gl/fbAQLP

exports[`<Main /> should render the heading 1`] = `
.c0 {
  background-color: #06092b;
  color: #fff;
  width: 100%;
  height: 100vh;
  padding: 3rem;
  text-align: center;
  display: -webkit-box;
  display: -webkit-flex;
  display: -ms-flexbox;
  display: flex;
  -webkit-flex-direction: column;
  -ms-flex-direction: column;
  flex-direction: column;
  -webkit-align-items: center;
  -webkit-box-align: center;
  -ms-flex-align: center;
  align-items: center;
  -webkit-box-pack: center;
  -webkit-justify-content: center;
  -ms-flex-pack: center;
  justify-content: center;
}

.c1 {
  display: -webkit-box;
  display: -webkit-flex;
  display: -ms-flexbox;
  display: flex;
  -webkit-align-items: center;
  -webkit-box-align: center;
  -ms-flex-align: center;
  align-items: center;
  margin-bottom: 8rem;
}

.c1 img {
  width: 70px;
  margin-right: 2rem;
}

.c1 h1 {
  font-size: 3rem;
}

.c2 {
  font-size: 2.5rem;
}

.c3 {
  font-size: 2rem;
  font-weight: 400;
}

.c4 {
  margin-top: 3rem;
  width: min(30rem,100%);
}

<main
  class="c0"
>
  <div
    class="c1"
  >
    <img
      alt="Imagem de um átomo e meu Boilerplate escrito ao lado"
      src="/img/logo.png"
    />
    <h1>
      Boilerplate
    </h1>
  </div>
  <h1
    class="c2"
  >
    My Boilerplate
  </h1>
  <h2
    class="c3"
  >
    TypeScript, ReactJS, NextJS, Styled Components
  </h2>
  <img
    alt="Ilustração de um homem sentado em uma cadeira"
    class="c4"
    src="/img/hero-illustration.svg"
  />
</main>
`
